-2
0
2147483645
-2147483647
2147483641
2147483641
306783378
0
7
1
1
-1
6
