0
0
-2147483648
-2147483648
-2147483648
-2147483648
-306783378
0
7
-2
0
0
5
