-1
1
-2147483648
-1
-1
-1
-1
-2147483648
0
2147483647
