FoRtNit3 to fcale nie ZacnaGierka!11!
FoRtNit3 to fcale nie ZacnaGierka!11!
 - ZGADZAM SIE W 1)0!!!!1 procentach!
abcd"f"
