b1 OK
b2 OK
b3 OK
i1 OK
i2 OK
i3 OK
s1 OK
s2 OK
s3 OK
