5
0
5
0
10
20
30
10
20
30
100
200
300
100
200
300
