kappa
kappa
kappa
kappakappa kapcie
kappakappa kapcie
kappakappa kapcie
kappakappa kapcie z
kappakappa kapcie z
kappakappa kapcie z
kappakappa kapcie z biedry, skrrrt!
kappakappa kapcie z biedry, skrrrt!
kappakappa kapcie z biedry, skrrrt!
kappakappa kapcie z biedry, skrrrt!kappakappa kapcie z biedry, skrrrt!SUFFIX!x2
kappakappa kapcie z biedry, skrrrt!
kappakappa kapcie z biedry, skrrrt!
kappakappa kapcie z biedry, skrrrt!
