i am a, my a is:
0
0
1000
i am b, my a is:
1000
1000
1000
1000
i am c, my a is:
14652
14652
666
22
666
i am b, my a is:
1000
1000
1000
i am c, my a is:
14652
14652
666
i am c, my a is:
14652
14652
666
666
