i am a, my a is:
kappa a
i am b, my a is:
kappa b
i am b, my a is:
kappa b
i am c, my a is:
kappa b huh kappa outside c
i am c, my a is:
kappa b huh kappa outside c
i am b, my a is:
kappa b
