a.print
a.a
----
b.print
b.a
b.b
a.ref
----
c.print
c.a
b.b
c.ref
c.c
----
b.print
b.a
b.b
a.ref
----
c.print
c.a
b.b
c.ref
c.c
----
c.print
c.a
b.b
c.ref
c.c
