5
No... mercy!
true
100000
edited
false
666
wasted
true
