105
Init a1! ||-->a2-->a2-->a2-->a2-->a2
false
16
Init a2! ||-->a1-->a1-->a1-->a1-->a1-->a1
false
